
*** Error line 10.
      int asdf(bool a, int b) {
          ^^^^
*** Method 'asdf' must match inherited type signature

