
   Program: 
  1   FnDecl: 
         (return type) Type: int
  1      Identifier: asdf
         (body) StmtBlock: 
  2         FieldAccess: 
  2            AssignExpr: 
  2               FieldAccess: 
  2                  Identifier: asdf
  2               Operator: =
  2               IntConstant: 5
  2            Identifier: qwer
