
*** Error line 5.
        Asdf fdsa;
        ^^^^
*** No declaration found for type 'Asdf'

