
*** Error line 2.
    Asdf fdsa;
    ^^^^
*** No declaration found for type 'Asdf'

