
*** Error line 4.
    a == b;
      ^^
*** Incompatible operands: int == double

