
*** Error line 9.
    d.asdf(a, b, c);
                 ^
*** Incompatible argument 3: Asdf given, int expected

