
*** Error line 7.
     a = b;
       ^
*** Incompatible operands: Asdf = Qwer

