
*** Error line 3.
      int asdf();
          ^^^^
*** Declaration of 'asdf' here conflicts with declaration on line 2

