
*** Error line 2.
      int qwer();
                ^
*** syntax error

