
   Program: 
  1   ClassDecl: 
  1      Identifier: Asdf
  1      (implements) NamedType: 
  1         Identifier: Fdsa
  1      (implements) NamedType: 
  1         Identifier: Qwer
  1      (implements) NamedType: 
  1         Identifier: Rewq
  2      VarDecl: 
            Type: int
  2         Identifier: asdf
