
   Program: 
  1   FnDecl: 
         (return type) Type: int
  1      Identifier: asdf
         (body) StmtBlock: 
  2         NewArrayExpr: 
  2            AssignExpr: 
  2               FieldAccess: 
  2                  Identifier: qwer
  2               Operator: =
  2               IntConstant: 5
  2            ArrayType: 
  2               NamedType: 
  2                  Identifier: AASSDDFF
