Loaded: /usr/share/spim/exceptions.s
This should print 10 timesThis should print 10 timesThis should print 10 timesThis should print 10 timesThis should print 10 timesThis should print 10 timesThis should print 10 timesThis should print 10 timesThis should print 10 timesThis should print 10 times