Loaded: /usr/share/spim/exceptions.s
This should print once