
   Program: 
  1   FnDecl: 
         (return type) Type: int
  1      Identifier: asdf
         (body) StmtBlock: 
            ForStmt: 
               (init) Empty: 
  2            (test) IntConstant: 5
  2            (step) IntConstant: 6
               (body) Empty: 
