
   Program: 
  1   FnDecl: 
         (return type) Type: int
  1      Identifier: asdf
         (body) StmtBlock: 
            IfStmt: 
  2            (test) FieldAccess: 
  2               Identifier: asdf
  3            (then) FieldAccess: 
  3               Identifier: qwer
  5            (else) FieldAccess: 
  5               Identifier: rewq
