
   Program: 
  1   FnDecl: 
         (return type) Type: int
  1      Identifier: asdf
         (body) StmtBlock: 
            PrintStmt: 
  2            (args) FieldAccess: 
  2               Identifier: asdf
