
   Program: 
  1   FnDecl: 
         (return type) Type: int
  1      Identifier: asdf
         (body) StmtBlock: 
            SwitchStmt: 
  2            (test) IntConstant: 1
               CaseStmt: 
  3               (label) IntConstant: 1
  3               (body) BreakStmt: 
               CaseStmt: 
  4               (label) IntConstant: 2
  4               (body) BreakStmt: 
               CaseStmt: 
  5               (label) IntConstant: 3
  5               (body) BreakStmt: 
  6            (default) BreakStmt: 
