
   Program: 
  1   FnDecl: 
         (return type) Type: int
  1      Identifier: asdf
         (body) StmtBlock: 
            WhileStmt: 
  2            (test) BoolConstant: true
               (body) StmtBlock: 
  3               BreakStmt: 
