
   Program: 
  1   VarDecl: 
  1      ArrayType: 
            Type: int
  1      Identifier: asdf
  2   VarDecl: 
  2      ArrayType: 
            Type: double
  2      Identifier: asdf
  3   VarDecl: 
  3      ArrayType: 
            Type: bool
  3      Identifier: asdf
  4   VarDecl: 
  4      ArrayType: 
            Type: string
  4      Identifier: asdf
  5   VarDecl: 
  5      ArrayType: 
  5         NamedType: 
  5            Identifier: asdf
  5      Identifier: asdf
