
   Program: 
  1   VarDecl: 
  1      NamedType: 
  1         Identifier: Asdf
  1      Identifier: asdf
