
   Program: 
  1   FnDecl: 
         (return type) Type: int
  1      Identifier: asdf
         (body) StmtBlock: 
            IfStmt: 
  2            (test) IntConstant: 1
               (then) StmtBlock: 
                  IfStmt: 
  3                  (test) IntConstant: 2
                     (then) StmtBlock: 
  4                     IntConstant: 3
                     (else) IfStmt: 
  5                     (test) IntConstant: 4
  6                     (then) IntConstant: 5
                        (else) IfStmt: 
  7                        (test) IntConstant: 6
  8                        (then) IntConstant: 7
                           (else) StmtBlock: 
 10                           IntConstant: 8
