
   Program: 
  1   FnDecl: 
         (return type) Type: int
  1      Identifier: asdf
         (body) StmtBlock: 
            IfStmt: 
  2            (test) AssignExpr: 
  2               FieldAccess: 
  2                  Identifier: e
  2               Operator: =
  2               IntConstant: 6
  2            (then) FieldAccess: 
  2               Identifier: asdf
