
   Program: 
  1   FnDecl: 
         (return type) Type: int
  1      Identifier: asdf
         (body) StmtBlock: 
            PrintStmt: 
  2            (args) FieldAccess: 
  2               Identifier: fdSa
  2            (args) StringConstant: "qwer"
  2            (args) StringConstant: "QweRty"
