
   Program: 
  1   FnDecl: 
         (return type) Type: int
  1      Identifier: asdf
         (body) StmtBlock: 
  2         VarDecl: 
               Type: string
  2            Identifier: asdf
