
*** Error line 7.
          Asdf a;
          ^^^^
*** No declaration found for class 'Asdf'

