
*** Error line 5.
          Asdf a;
          ^^^^
*** No declaration found for class 'Asdf'

