
*** Error line 5.
        Asdf fdsa;
        ^^^^
*** No declaration found for class 'Asdf'

