
*** Error line 2.
      Qwer qwer;
      ^^^^
*** No declaration found for type 'Qwer'

