
*** Error line 4.
        Asdf fdsa;
        ^^^^
*** No declaration found for type 'Asdf'

