
*** Error line 2.
    New(Asdf);
        ^^^^
*** No declaration found for class 'Asdf'

