
*** Error line 2.
    fdsa();
    ^^^^
*** No declaration found for function 'fdsa'

