
*** Error line 2.
    if (a) {
        ^
*** No declaration found for variable 'a'

