
*** Error line 2.
    0 + a;
        ^
*** No declaration found for variable 'a'

