
*** Error line 2.
    a = a;
    ^
*** No declaration found for variable 'a'

